{
    "since": 250,
    "count": 7,
    "requestedCount": 25,
    "changes": [
        {
            "id": "096fec4cae008af69c9087228bd8af38",
            "sequence": 251,
            "deleted": false,
            "data": {
                "isVariant": true,
                "attributes": [],
                "parent": "",
                "meta_keywords": null,
                "meta_description": null,
                "maincategory": "d8665fef35f4d528e92c3d664f4a00c0",
                "maincategoryurl": "en\/Gear\/Fashion\/For-Him\/Jeans\/",
                "mak_boost_norm_insert": 0,
                "mak_boost_norm_sold": 0,
                "mak_boost_norm_rating": 0,
                "mak_boost_norm_revenue": 0,
                "mak_boost_norm_profit_margin": 0,
                "activeto": null,
                "activefrom": null,
                "suggest": [],
                "category": [
                    {
                        "catid": "d8665fef35f4d528e92c3d664f4a00c0",
                        "title": "Jeans",
                        "shopid": 1,
                        "pos": 0,
                        "path": "Bekleidung\/Fashion\/F\u00fcr Ihn\/Jeans\/"
                    }
                ],
                "TRACKING": null,
                "attributeStr": [
                    {
                        "id": "943d32fd45d6eba3e5c8cce511cc0e74",
                        "title": "Gr\u00f6\u00dfe",
                        "value": "W 31\/L 32"
                    },
                    {
                        "id": "9438ac75bac3e344628b14bf7ed82c15",
                        "title": "Farbe",
                        "value": "Blau"
                    },
                    {
                        "id": "d248453369cf82a6a64617f1357089c5",
                        "title": "Gr\u00f6\u00dfe  (VarSelect)",
                        "value": "W 31\/L 32"
                    },
                    {
                        "id": "16fd55d02a23f31097ca58eccfeec97c",
                        "title": "Farbe  (VarSelect)",
                        "value": "Blau"
                    }
                ],
                "attributeInt": [],
                "attributeFloat": [],
                "isPseudo": false,
                "ean": "",
                "title": "",
                "searchkeys": "",
                "hidden": false,
                "sort": 0,
                "longdesc": "",
                "shortdesc": "",
                "stock": 0,
                "onstock": true,
                "manufacturerid": "",
                "manufacturer_title": "",
                "price": 0,
                "insert": null,
                "soldamount": 0,
                "rating": 0,
                "searchable": true,
                "picture_url_main": [],
                "es_id": null,
                "id": "096fec4cae008af69c9087228bd8af38",
                "timestamp": null,
                "url": "en\/oxid.html",
                "active": false,
                "shop": [
                    null
                ],
                "additionalData": {
                    "picture_url_main": false
                },
                "selfLinks": {
                    "de": "oxid.html",
                    "en": "en\/oxid-oxid.html"
                }
            },
            "type": "variant"
        },
        {
            "id": "10002696d80479437dda4882c77b3bd8",
            "sequence": 252,
            "deleted": false,
            "data": {
                "isVariant": true,
                "attributes": [],
                "parent": "",
                "meta_keywords": null,
                "meta_description": null,
                "maincategory": "d862abc1f98741797cf889eb4a9090ad",
                "maincategoryurl": "en\/Gear\/Fashion\/For-Him\/Shirts-Co\/",
                "mak_boost_norm_insert": 0,
                "mak_boost_norm_sold": 0,
                "mak_boost_norm_rating": 0,
                "mak_boost_norm_revenue": 0,
                "mak_boost_norm_profit_margin": 0,
                "activeto": null,
                "activefrom": null,
                "suggest": [],
                "category": [
                    {
                        "catid": "d862abc1f98741797cf889eb4a9090ad",
                        "title": "Shirts & Co.",
                        "shopid": 1,
                        "pos": 0,
                        "path": "Bekleidung\/Fashion\/F\u00fcr Ihn\/Shirts & Co.\/"
                    }
                ],
                "TRACKING": null,
                "attributeStr": [
                    {
                        "id": "d248453369cf82a6a64617f1357089c5",
                        "title": "Gr\u00f6\u00dfe  (VarSelect)",
                        "value": "M"
                    },
                    {
                        "id": "16fd55d02a23f31097ca58eccfeec97c",
                        "title": "Farbe  (VarSelect)",
                        "value": "orange"
                    }
                ],
                "attributeInt": [],
                "attributeFloat": [],
                "isPseudo": false,
                "ean": "",
                "title": "",
                "searchkeys": "",
                "hidden": false,
                "sort": 0,
                "longdesc": "",
                "shortdesc": "",
                "stock": 2,
                "onstock": true,
                "manufacturerid": "",
                "manufacturer_title": "",
                "price": 0,
                "insert": null,
                "soldamount": 0,
                "rating": 0,
                "searchable": true,
                "picture_url_main": [],
                "es_id": null,
                "id": "10002696d80479437dda4882c77b3bd8",
                "timestamp": null,
                "url": "en\/oxid.html",
                "active": true,
                "shop": [
                    null
                ],
                "additionalData": {
                    "picture_url_main": false
                },
                "selfLinks": {
                    "de": "oxid.html",
                    "en": "en\/oxid-oxid.html"
                }
            },
            "type": "variant"
        },
        {
            "id": "10049f9322cf8852f8d567e9662cb12c",
            "sequence": 253,
            "deleted": false,
            "data": {
                "isVariant": true,
                "attributes": [],
                "parent": "",
                "meta_keywords": null,
                "meta_description": null,
                "maincategory": "d862abc1f98741797cf889eb4a9090ad",
                "maincategoryurl": "en\/Gear\/Fashion\/For-Him\/Shirts-Co\/",
                "mak_boost_norm_insert": 0,
                "mak_boost_norm_sold": 0,
                "mak_boost_norm_rating": 0,
                "mak_boost_norm_revenue": 0,
                "mak_boost_norm_profit_margin": 0,
                "activeto": null,
                "activefrom": null,
                "suggest": [],
                "category": [
                    {
                        "catid": "d862abc1f98741797cf889eb4a9090ad",
                        "title": "Shirts & Co.",
                        "shopid": 1,
                        "pos": 0,
                        "path": "Bekleidung\/Fashion\/F\u00fcr Ihn\/Shirts & Co.\/"
                    }
                ],
                "TRACKING": null,
                "attributeStr": [
                    {
                        "id": "d248453369cf82a6a64617f1357089c5",
                        "title": "Gr\u00f6\u00dfe  (VarSelect)",
                        "value": "L"
                    },
                    {
                        "id": "16fd55d02a23f31097ca58eccfeec97c",
                        "title": "Farbe  (VarSelect)",
                        "value": "grau"
                    }
                ],
                "attributeInt": [],
                "attributeFloat": [],
                "isPseudo": false,
                "ean": "",
                "title": "",
                "searchkeys": "",
                "hidden": false,
                "sort": 0,
                "longdesc": "",
                "shortdesc": "",
                "stock": 9,
                "onstock": true,
                "manufacturerid": "",
                "manufacturer_title": "",
                "price": 0,
                "insert": null,
                "soldamount": 0,
                "rating": 0,
                "searchable": true,
                "picture_url_main": [],
                "es_id": null,
                "id": "10049f9322cf8852f8d567e9662cb12c",
                "timestamp": null,
                "url": "en\/oxid.html",
                "active": true,
                "shop": [
                    null
                ],
                "additionalData": {
                    "picture_url_main": false
                },
                "selfLinks": {
                    "de": "oxid.html",
                    "en": "en\/oxid-oxid.html"
                }
            },
            "type": "variant"
        },
        {
            "id": "10067ab25bf275b7e68bc0431b204d24",
            "sequence": 254,
            "deleted": false,
            "data": {
                "isVariant": true,
                "attributes": [],
                "parent": "",
                "meta_keywords": null,
                "meta_description": null,
                "maincategory": "d862abc1f98741797cf889eb4a9090ad",
                "maincategoryurl": "en\/Gear\/Fashion\/For-Him\/Shirts-Co\/",
                "mak_boost_norm_insert": 0,
                "mak_boost_norm_sold": 0,
                "mak_boost_norm_rating": 0,
                "mak_boost_norm_revenue": 0,
                "mak_boost_norm_profit_margin": 0,
                "activeto": null,
                "activefrom": null,
                "suggest": [],
                "category": [
                    {
                        "catid": "d862abc1f98741797cf889eb4a9090ad",
                        "title": "Shirts & Co.",
                        "shopid": 1,
                        "pos": 0,
                        "path": "Bekleidung\/Fashion\/F\u00fcr Ihn\/Shirts & Co.\/"
                    }
                ],
                "TRACKING": null,
                "attributeStr": [
                    {
                        "id": "d248453369cf82a6a64617f1357089c5",
                        "title": "Gr\u00f6\u00dfe  (VarSelect)",
                        "value": "L"
                    },
                    {
                        "id": "16fd55d02a23f31097ca58eccfeec97c",
                        "title": "Farbe  (VarSelect)",
                        "value": "orange"
                    }
                ],
                "attributeInt": [],
                "attributeFloat": [],
                "isPseudo": false,
                "ean": "",
                "title": "",
                "searchkeys": "",
                "hidden": false,
                "sort": 0,
                "longdesc": "",
                "shortdesc": "",
                "stock": 1,
                "onstock": true,
                "manufacturerid": "",
                "manufacturer_title": "",
                "price": 0,
                "insert": null,
                "soldamount": 0,
                "rating": 0,
                "searchable": true,
                "picture_url_main": [],
                "es_id": null,
                "id": "10067ab25bf275b7e68bc0431b204d24",
                "timestamp": null,
                "url": "en\/oxid.html",
                "active": true,
                "shop": [
                    null
                ],
                "additionalData": {
                    "picture_url_main": false
                },
                "selfLinks": {
                    "de": "oxid.html",
                    "en": "en\/oxid-oxid.html"
                }
            },
            "type": "variant"
        },
        {
            "id": "1008b12cef0476f5e941da460ba621e6",
            "sequence": 255,
            "deleted": false,
            "data": {
                "isVariant": true,
                "attributes": [],
                "parent": "",
                "meta_keywords": null,
                "meta_description": null,
                "maincategory": "d862abc1f98741797cf889eb4a9090ad",
                "maincategoryurl": "en\/Gear\/Fashion\/For-Him\/Shirts-Co\/",
                "mak_boost_norm_insert": 0,
                "mak_boost_norm_sold": 0,
                "mak_boost_norm_rating": 0,
                "mak_boost_norm_revenue": 0,
                "mak_boost_norm_profit_margin": 0,
                "activeto": null,
                "activefrom": null,
                "suggest": [],
                "category": [
                    {
                        "catid": "d862abc1f98741797cf889eb4a9090ad",
                        "title": "Shirts & Co.",
                        "shopid": 1,
                        "pos": 0,
                        "path": "Bekleidung\/Fashion\/F\u00fcr Ihn\/Shirts & Co.\/"
                    }
                ],
                "TRACKING": null,
                "attributeStr": [
                    {
                        "id": "d248453369cf82a6a64617f1357089c5",
                        "title": "Gr\u00f6\u00dfe  (VarSelect)",
                        "value": "M"
                    },
                    {
                        "id": "16fd55d02a23f31097ca58eccfeec97c",
                        "title": "Farbe  (VarSelect)",
                        "value": "grau"
                    }
                ],
                "attributeInt": [],
                "attributeFloat": [],
                "isPseudo": false,
                "ean": "",
                "title": "",
                "searchkeys": "",
                "hidden": false,
                "sort": 0,
                "longdesc": "",
                "shortdesc": "",
                "stock": 0,
                "onstock": true,
                "manufacturerid": "",
                "manufacturer_title": "",
                "price": 0,
                "insert": null,
                "soldamount": 0,
                "rating": 0,
                "searchable": true,
                "picture_url_main": [],
                "es_id": null,
                "id": "1008b12cef0476f5e941da460ba621e6",
                "timestamp": null,
                "url": "en\/oxid.html",
                "active": true,
                "shop": [
                    null
                ],
                "additionalData": {
                    "picture_url_main": false
                },
                "selfLinks": {
                    "de": "oxid.html",
                    "en": "en\/oxid-oxid.html"
                }
            },
            "type": "variant"
        },
        {
            "id": "dc53d3c0ca2ae7c38bf51f3410da0bf8",
            "sequence": 256,
            "deleted": false,
            "data": {
                "isVariant": true,
                "attributes": [],
                "parent": "",
                "meta_keywords": null,
                "meta_description": null,
                "maincategory": "d862abc1f98741797cf889eb4a9090ad",
                "maincategoryurl": "en\/Gear\/Fashion\/For-Him\/Shirts-Co\/",
                "mak_boost_norm_insert": 0,
                "mak_boost_norm_sold": 0,
                "mak_boost_norm_rating": 0,
                "mak_boost_norm_revenue": 0,
                "mak_boost_norm_profit_margin": 0,
                "activeto": null,
                "activefrom": null,
                "suggest": [],
                "category": [
                    {
                        "catid": "d862abc1f98741797cf889eb4a9090ad",
                        "title": "Shirts & Co.",
                        "shopid": 1,
                        "pos": 0,
                        "path": "Bekleidung\/Fashion\/F\u00fcr Ihn\/Shirts & Co.\/"
                    }
                ],
                "TRACKING": null,
                "attributeStr": [
                    {
                        "id": "9438ac75bac3e344628b14bf7ed82c15",
                        "title": "Farbe",
                        "value": "grau"
                    },
                    {
                        "id": "d248453369cf82a6a64617f1357089c5",
                        "title": "Gr\u00f6\u00dfe  (VarSelect)",
                        "value": "S"
                    },
                    {
                        "id": "16fd55d02a23f31097ca58eccfeec97c",
                        "title": "Farbe  (VarSelect)",
                        "value": "grau"
                    }
                ],
                "attributeInt": [],
                "attributeFloat": [],
                "isPseudo": false,
                "ean": "",
                "title": "",
                "searchkeys": "",
                "hidden": false,
                "sort": 0,
                "longdesc": "",
                "shortdesc": "",
                "stock": 33,
                "onstock": true,
                "manufacturerid": "",
                "manufacturer_title": "",
                "price": 0,
                "insert": null,
                "soldamount": 0,
                "rating": 0,
                "searchable": true,
                "picture_url_main": [],
                "es_id": null,
                "id": "dc53d3c0ca2ae7c38bf51f3410da0bf8",
                "timestamp": null,
                "url": "en\/oxid.html",
                "active": true,
                "shop": [
                    null
                ],
                "additionalData": {
                    "picture_url_main": false
                },
                "selfLinks": {
                    "de": "oxid.html",
                    "en": "en\/oxid-oxid.html"
                }
            },
            "type": "variant"
        },
        {
            "id": "dc5ae3d43f96269ed3c62172e383be40",
            "sequence": 257,
            "deleted": false,
            "data": {
                "isVariant": true,
                "attributes": [],
                "parent": "",
                "meta_keywords": null,
                "meta_description": null,
                "maincategory": "d862abc1f98741797cf889eb4a9090ad",
                "maincategoryurl": "en\/Gear\/Fashion\/For-Him\/Shirts-Co\/",
                "mak_boost_norm_insert": 0,
                "mak_boost_norm_sold": 0,
                "mak_boost_norm_rating": 0,
                "mak_boost_norm_revenue": 0,
                "mak_boost_norm_profit_margin": 0,
                "activeto": null,
                "activefrom": null,
                "suggest": [],
                "category": [
                    {
                        "catid": "d862abc1f98741797cf889eb4a9090ad",
                        "title": "Shirts & Co.",
                        "shopid": 1,
                        "pos": 0,
                        "path": "Bekleidung\/Fashion\/F\u00fcr Ihn\/Shirts & Co.\/"
                    }
                ],
                "TRACKING": null,
                "attributeStr": [
                    {
                        "id": "9438ac75bac3e344628b14bf7ed82c15",
                        "title": "Farbe",
                        "value": "orange"
                    },
                    {
                        "id": "d248453369cf82a6a64617f1357089c5",
                        "title": "Gr\u00f6\u00dfe  (VarSelect)",
                        "value": "S"
                    },
                    {
                        "id": "16fd55d02a23f31097ca58eccfeec97c",
                        "title": "Farbe  (VarSelect)",
                        "value": "orange"
                    }
                ],
                "attributeInt": [],
                "attributeFloat": [],
                "isPseudo": false,
                "ean": "",
                "title": "",
                "searchkeys": "",
                "hidden": false,
                "sort": 0,
                "longdesc": "",
                "shortdesc": "",
                "stock": 44,
                "onstock": true,
                "manufacturerid": "",
                "manufacturer_title": "",
                "price": 0,
                "insert": null,
                "soldamount": 0,
                "rating": 0,
                "searchable": true,
                "picture_url_main": [],
                "es_id": null,
                "id": "dc5ae3d43f96269ed3c62172e383be40",
                "timestamp": null,
                "url": "en\/oxid.html",
                "active": true,
                "shop": [
                    null
                ],
                "additionalData": {
                    "picture_url_main": false
                },
                "selfLinks": {
                    "de": "oxid.html",
                    "en": "en\/oxid-oxid.html"
                }
            },
            "type": "variant"
        }
    ]
}