{
    "since": 0,
    "count": 25,
    "requestedCount": 25,
    "changes": [
        {
            "id": "0f40c6a077b68c21f164767c4a903fd2",
            "sequence": 1,
            "deleted": false,
            "data": {
                "category_title": null,
                "sort": null,
                "shortdesc": null,
                "longdesc": null,
                "meta_keywords": null,
                "meta_description": null,
                "hierarchy": "",
                "depth": 0,
                "subcategories": [
                    "0f40c6a077b68c21f164767c4a903fd2"
                ],
                "hidden": false,
                "oxobject": [],
                "es_id": null,
                "id": "0f40c6a077b68c21f164767c4a903fd2",
                "timestamp": null,
                "url": "en\/oxid\/",
                "active": true,
                "shop": [
                    null
                ],
                "additionalData": [],
                "selfLinks": {
                    "de": "oxid\/",
                    "en": "en\/oxid\/"
                }
            },
            "type": "category"
        },
        {
            "id": "0f41a4463b227c437f6e6bf57b1697c4",
            "sequence": 2,
            "deleted": false,
            "data": {
                "category_title": null,
                "sort": null,
                "shortdesc": null,
                "longdesc": null,
                "meta_keywords": null,
                "meta_description": null,
                "hierarchy": "",
                "depth": 0,
                "subcategories": [
                    "0f41a4463b227c437f6e6bf57b1697c4"
                ],
                "hidden": false,
                "oxobject": [],
                "es_id": null,
                "id": "0f41a4463b227c437f6e6bf57b1697c4",
                "timestamp": null,
                "url": "en\/oxid\/",
                "active": true,
                "shop": [
                    null
                ],
                "additionalData": [],
                "selfLinks": {
                    "de": "oxid\/",
                    "en": "en\/oxid\/"
                }
            },
            "type": "category"
        },
        {
            "id": "0f4270b89fbef1481958381410a0dbca",
            "sequence": 3,
            "deleted": false,
            "data": {
                "category_title": null,
                "sort": null,
                "shortdesc": null,
                "longdesc": null,
                "meta_keywords": null,
                "meta_description": null,
                "hierarchy": "",
                "depth": 0,
                "subcategories": [
                    "0f4270b89fbef1481958381410a0dbca"
                ],
                "hidden": false,
                "oxobject": [],
                "es_id": null,
                "id": "0f4270b89fbef1481958381410a0dbca",
                "timestamp": null,
                "url": "en\/oxid\/",
                "active": true,
                "shop": [
                    null
                ],
                "additionalData": [],
                "selfLinks": {
                    "de": "oxid\/",
                    "en": "en\/oxid\/"
                }
            },
            "type": "category"
        },
        {
            "id": "0f4f08358666c54b4fde3d83d2b7ef04",
            "sequence": 4,
            "deleted": false,
            "data": {
                "category_title": null,
                "sort": null,
                "shortdesc": null,
                "longdesc": null,
                "meta_keywords": null,
                "meta_description": null,
                "hierarchy": "",
                "depth": 0,
                "subcategories": [
                    "0f4f08358666c54b4fde3d83d2b7ef04"
                ],
                "hidden": false,
                "oxobject": [],
                "es_id": null,
                "id": "0f4f08358666c54b4fde3d83d2b7ef04",
                "timestamp": null,
                "url": "en\/oxid\/",
                "active": true,
                "shop": [
                    null
                ],
                "additionalData": [],
                "selfLinks": {
                    "de": "oxid\/",
                    "en": "en\/oxid\/"
                }
            },
            "type": "category"
        },
        {
            "id": "0f4fb00809cec9aa0910aa9c8fe36751",
            "sequence": 5,
            "deleted": false,
            "data": {
                "category_title": null,
                "sort": null,
                "shortdesc": null,
                "longdesc": null,
                "meta_keywords": null,
                "meta_description": null,
                "hierarchy": "",
                "depth": 0,
                "subcategories": [
                    "0f4fb00809cec9aa0910aa9c8fe36751"
                ],
                "hidden": false,
                "oxobject": [],
                "es_id": null,
                "id": "0f4fb00809cec9aa0910aa9c8fe36751",
                "timestamp": null,
                "url": "en\/oxid\/",
                "active": true,
                "shop": [
                    null
                ],
                "additionalData": [],
                "selfLinks": {
                    "de": "oxid\/",
                    "en": "en\/oxid\/"
                }
            },
            "type": "category"
        },
        {
            "id": "30e44ab83fdee7564.23264141",
            "sequence": 6,
            "deleted": false,
            "data": {
                "category_title": null,
                "sort": null,
                "shortdesc": null,
                "longdesc": null,
                "meta_keywords": null,
                "meta_description": null,
                "hierarchy": "",
                "depth": 0,
                "subcategories": [
                    "30e44ab83fdee7564.23264141"
                ],
                "hidden": false,
                "oxobject": [],
                "es_id": null,
                "id": "30e44ab83fdee7564.23264141",
                "timestamp": null,
                "url": "en\/oxid\/",
                "active": true,
                "shop": [
                    null
                ],
                "additionalData": [],
                "selfLinks": {
                    "de": "oxid\/",
                    "en": "en\/oxid\/"
                }
            },
            "type": "category"
        },
        {
            "id": "943173edecf6d6870a0f357b8ac84d32",
            "sequence": 7,
            "deleted": false,
            "data": {
                "category_title": null,
                "sort": null,
                "shortdesc": null,
                "longdesc": null,
                "meta_keywords": null,
                "meta_description": null,
                "hierarchy": "",
                "depth": 0,
                "subcategories": [
                    "943173edecf6d6870a0f357b8ac84d32"
                ],
                "hidden": false,
                "oxobject": [],
                "es_id": null,
                "id": "943173edecf6d6870a0f357b8ac84d32",
                "timestamp": null,
                "url": "en\/oxid\/",
                "active": true,
                "shop": [
                    null
                ],
                "additionalData": [],
                "selfLinks": {
                    "de": "oxid\/",
                    "en": "en\/oxid\/"
                }
            },
            "type": "category"
        },
        {
            "id": "943a9ba3050e78b443c16e043ae60ef3",
            "sequence": 8,
            "deleted": false,
            "data": {
                "category_title": null,
                "sort": null,
                "shortdesc": null,
                "longdesc": null,
                "meta_keywords": null,
                "meta_description": null,
                "hierarchy": "",
                "depth": 0,
                "subcategories": [
                    "943a9ba3050e78b443c16e043ae60ef3"
                ],
                "hidden": false,
                "oxobject": [],
                "es_id": null,
                "id": "943a9ba3050e78b443c16e043ae60ef3",
                "timestamp": null,
                "url": "en\/oxid\/",
                "active": true,
                "shop": [
                    null
                ],
                "additionalData": [],
                "selfLinks": {
                    "de": "oxid\/",
                    "en": "en\/oxid\/"
                }
            },
            "type": "category"
        },
        {
            "id": "d862abc1f98741797cf889eb4a9090ad",
            "sequence": 9,
            "deleted": false,
            "data": {
                "category_title": null,
                "sort": null,
                "shortdesc": null,
                "longdesc": null,
                "meta_keywords": null,
                "meta_description": null,
                "hierarchy": "",
                "depth": 0,
                "subcategories": [
                    "d862abc1f98741797cf889eb4a9090ad"
                ],
                "hidden": false,
                "oxobject": [],
                "es_id": null,
                "id": "d862abc1f98741797cf889eb4a9090ad",
                "timestamp": null,
                "url": "en\/oxid\/",
                "active": true,
                "shop": [
                    null
                ],
                "additionalData": [],
                "selfLinks": {
                    "de": "oxid\/",
                    "en": "en\/oxid\/"
                }
            },
            "type": "category"
        },
        {
            "id": "d863b76c6bb90a970a5577adf890e8cd",
            "sequence": 10,
            "deleted": false,
            "data": {
                "category_title": null,
                "sort": null,
                "shortdesc": null,
                "longdesc": null,
                "meta_keywords": null,
                "meta_description": null,
                "hierarchy": "",
                "depth": 0,
                "subcategories": [
                    "d863b76c6bb90a970a5577adf890e8cd"
                ],
                "hidden": false,
                "oxobject": [],
                "es_id": null,
                "id": "d863b76c6bb90a970a5577adf890e8cd",
                "timestamp": null,
                "url": "en\/oxid\/",
                "active": true,
                "shop": [
                    null
                ],
                "additionalData": [],
                "selfLinks": {
                    "de": "oxid\/",
                    "en": "en\/oxid\/"
                }
            },
            "type": "category"
        },
        {
            "id": "d8665fef35f4d528e92c3d664f4a00c0",
            "sequence": 11,
            "deleted": false,
            "data": {
                "category_title": null,
                "sort": null,
                "shortdesc": null,
                "longdesc": null,
                "meta_keywords": null,
                "meta_description": null,
                "hierarchy": "",
                "depth": 0,
                "subcategories": [
                    "d8665fef35f4d528e92c3d664f4a00c0"
                ],
                "hidden": false,
                "oxobject": [],
                "es_id": null,
                "id": "d8665fef35f4d528e92c3d664f4a00c0",
                "timestamp": null,
                "url": "en\/oxid\/",
                "active": true,
                "shop": [
                    null
                ],
                "additionalData": [],
                "selfLinks": {
                    "de": "oxid\/",
                    "en": "en\/oxid\/"
                }
            },
            "type": "category"
        },
        {
            "id": "d86779840626d3ab8263b62db85df3f0",
            "sequence": 12,
            "deleted": false,
            "data": {
                "category_title": null,
                "sort": null,
                "shortdesc": null,
                "longdesc": null,
                "meta_keywords": null,
                "meta_description": null,
                "hierarchy": "",
                "depth": 0,
                "subcategories": [
                    "d86779840626d3ab8263b62db85df3f0"
                ],
                "hidden": false,
                "oxobject": [],
                "es_id": null,
                "id": "d86779840626d3ab8263b62db85df3f0",
                "timestamp": null,
                "url": "en\/oxid\/",
                "active": true,
                "shop": [
                    null
                ],
                "additionalData": [],
                "selfLinks": {
                    "de": "oxid\/",
                    "en": "en\/oxid\/"
                }
            },
            "type": "category"
        },
        {
            "id": "d86d90e4b441aa3f0004dcda5ba5bb38",
            "sequence": 13,
            "deleted": false,
            "data": {
                "category_title": null,
                "sort": null,
                "shortdesc": null,
                "longdesc": null,
                "meta_keywords": null,
                "meta_description": null,
                "hierarchy": "",
                "depth": 0,
                "subcategories": [
                    "d86d90e4b441aa3f0004dcda5ba5bb38"
                ],
                "hidden": false,
                "oxobject": [],
                "es_id": null,
                "id": "d86d90e4b441aa3f0004dcda5ba5bb38",
                "timestamp": null,
                "url": "en\/oxid\/",
                "active": true,
                "shop": [
                    null
                ],
                "additionalData": [],
                "selfLinks": {
                    "de": "oxid\/",
                    "en": "en\/oxid\/"
                }
            },
            "type": "category"
        },
        {
            "id": "d86fdf0d67bf76dc427aabd2e53e0a97",
            "sequence": 14,
            "deleted": false,
            "data": {
                "category_title": null,
                "sort": null,
                "shortdesc": null,
                "longdesc": null,
                "meta_keywords": null,
                "meta_description": null,
                "hierarchy": "",
                "depth": 0,
                "subcategories": [
                    "d86fdf0d67bf76dc427aabd2e53e0a97"
                ],
                "hidden": false,
                "oxobject": [],
                "es_id": null,
                "id": "d86fdf0d67bf76dc427aabd2e53e0a97",
                "timestamp": null,
                "url": "en\/oxid\/",
                "active": true,
                "shop": [
                    null
                ],
                "additionalData": [],
                "selfLinks": {
                    "de": "oxid\/",
                    "en": "en\/oxid\/"
                }
            },
            "type": "category"
        },
        {
            "id": "fad181ad64642b955becd0759345161e",
            "sequence": 15,
            "deleted": false,
            "data": {
                "category_title": null,
                "sort": null,
                "shortdesc": null,
                "longdesc": null,
                "meta_keywords": null,
                "meta_description": null,
                "hierarchy": "",
                "depth": 0,
                "subcategories": [
                    "fad181ad64642b955becd0759345161e"
                ],
                "hidden": false,
                "oxobject": [],
                "es_id": null,
                "id": "fad181ad64642b955becd0759345161e",
                "timestamp": null,
                "url": "en\/oxid\/",
                "active": true,
                "shop": [
                    null
                ],
                "additionalData": [],
                "selfLinks": {
                    "de": "oxid\/",
                    "en": "en\/oxid\/"
                }
            },
            "type": "category"
        },
        {
            "id": "fad2a9b0037b71ff1107ae725aae8d1c",
            "sequence": 16,
            "deleted": false,
            "data": {
                "category_title": null,
                "sort": null,
                "shortdesc": null,
                "longdesc": null,
                "meta_keywords": null,
                "meta_description": null,
                "hierarchy": "",
                "depth": 0,
                "subcategories": [
                    "fad2a9b0037b71ff1107ae725aae8d1c"
                ],
                "hidden": false,
                "oxobject": [],
                "es_id": null,
                "id": "fad2a9b0037b71ff1107ae725aae8d1c",
                "timestamp": null,
                "url": "en\/oxid\/",
                "active": true,
                "shop": [
                    null
                ],
                "additionalData": [],
                "selfLinks": {
                    "de": "oxid\/",
                    "en": "en\/oxid\/"
                }
            },
            "type": "category"
        },
        {
            "id": "fad2d80baf7aca6ac54e819e066f24aa",
            "sequence": 17,
            "deleted": false,
            "data": {
                "category_title": null,
                "sort": null,
                "shortdesc": null,
                "longdesc": null,
                "meta_keywords": null,
                "meta_description": null,
                "hierarchy": "",
                "depth": 0,
                "subcategories": [
                    "fad2d80baf7aca6ac54e819e066f24aa"
                ],
                "hidden": false,
                "oxobject": [],
                "es_id": null,
                "id": "fad2d80baf7aca6ac54e819e066f24aa",
                "timestamp": null,
                "url": "en\/oxid\/",
                "active": true,
                "shop": [
                    null
                ],
                "additionalData": [],
                "selfLinks": {
                    "de": "oxid\/",
                    "en": "en\/oxid\/"
                }
            },
            "type": "category"
        },
        {
            "id": "fad4d7e2b47d87bb6a2773d93d4ae9be",
            "sequence": 18,
            "deleted": false,
            "data": {
                "category_title": null,
                "sort": null,
                "shortdesc": null,
                "longdesc": null,
                "meta_keywords": null,
                "meta_description": null,
                "hierarchy": "",
                "depth": 0,
                "subcategories": [
                    "fad4d7e2b47d87bb6a2773d93d4ae9be"
                ],
                "hidden": false,
                "oxobject": [],
                "es_id": null,
                "id": "fad4d7e2b47d87bb6a2773d93d4ae9be",
                "timestamp": null,
                "url": "en\/oxid\/",
                "active": true,
                "shop": [
                    null
                ],
                "additionalData": [],
                "selfLinks": {
                    "de": "oxid\/",
                    "en": "en\/oxid\/"
                }
            },
            "type": "category"
        },
        {
            "id": "fad569d6659caca39bc93e98d13dd58b",
            "sequence": 19,
            "deleted": false,
            "data": {
                "category_title": null,
                "sort": null,
                "shortdesc": null,
                "longdesc": null,
                "meta_keywords": null,
                "meta_description": null,
                "hierarchy": "",
                "depth": 0,
                "subcategories": [
                    "fad569d6659caca39bc93e98d13dd58b"
                ],
                "hidden": false,
                "oxobject": [],
                "es_id": null,
                "id": "fad569d6659caca39bc93e98d13dd58b",
                "timestamp": null,
                "url": "en\/oxid\/",
                "active": true,
                "shop": [
                    null
                ],
                "additionalData": [],
                "selfLinks": {
                    "de": "oxid\/",
                    "en": "en\/oxid\/"
                }
            },
            "type": "category"
        },
        {
            "id": "fad7facadcb7d4297f033d242aa0d310",
            "sequence": 20,
            "deleted": false,
            "data": {
                "category_title": null,
                "sort": null,
                "shortdesc": null,
                "longdesc": null,
                "meta_keywords": null,
                "meta_description": null,
                "hierarchy": "",
                "depth": 0,
                "subcategories": [
                    "fad7facadcb7d4297f033d242aa0d310"
                ],
                "hidden": false,
                "oxobject": [],
                "es_id": null,
                "id": "fad7facadcb7d4297f033d242aa0d310",
                "timestamp": null,
                "url": "en\/oxid\/",
                "active": true,
                "shop": [
                    null
                ],
                "additionalData": [],
                "selfLinks": {
                    "de": "oxid\/",
                    "en": "en\/oxid\/"
                }
            },
            "type": "category"
        },
        {
            "id": "fada9485f003c731b7fad08b873214e0",
            "sequence": 21,
            "deleted": false,
            "data": {
                "category_title": null,
                "sort": null,
                "shortdesc": null,
                "longdesc": null,
                "meta_keywords": null,
                "meta_description": null,
                "hierarchy": "",
                "depth": 0,
                "subcategories": [
                    "fada9485f003c731b7fad08b873214e0"
                ],
                "hidden": false,
                "oxobject": [],
                "es_id": null,
                "id": "fada9485f003c731b7fad08b873214e0",
                "timestamp": null,
                "url": "en\/oxid\/",
                "active": true,
                "shop": [
                    null
                ],
                "additionalData": [],
                "selfLinks": {
                    "de": "oxid\/",
                    "en": "en\/oxid\/"
                }
            },
            "type": "category"
        },
        {
            "id": "fadbdb3145458afc5aa4dbf7eb906761",
            "sequence": 22,
            "deleted": false,
            "data": {
                "category_title": null,
                "sort": null,
                "shortdesc": null,
                "longdesc": null,
                "meta_keywords": null,
                "meta_description": null,
                "hierarchy": "",
                "depth": 0,
                "subcategories": [
                    "fadbdb3145458afc5aa4dbf7eb906761"
                ],
                "hidden": false,
                "oxobject": [],
                "es_id": null,
                "id": "fadbdb3145458afc5aa4dbf7eb906761",
                "timestamp": null,
                "url": "en\/oxid\/",
                "active": true,
                "shop": [
                    null
                ],
                "additionalData": [],
                "selfLinks": {
                    "de": "oxid\/",
                    "en": "en\/oxid\/"
                }
            },
            "type": "category"
        },
        {
            "id": "fadcb6dd70b9f6248efa425bd159684e",
            "sequence": 23,
            "deleted": false,
            "data": {
                "category_title": null,
                "sort": null,
                "shortdesc": null,
                "longdesc": null,
                "meta_keywords": null,
                "meta_description": null,
                "hierarchy": "",
                "depth": 0,
                "subcategories": [
                    "fadcb6dd70b9f6248efa425bd159684e"
                ],
                "hidden": false,
                "oxobject": [],
                "es_id": null,
                "id": "fadcb6dd70b9f6248efa425bd159684e",
                "timestamp": null,
                "url": "en\/oxid\/",
                "active": true,
                "shop": [
                    null
                ],
                "additionalData": [],
                "selfLinks": {
                    "de": "oxid\/",
                    "en": "en\/oxid\/"
                }
            },
            "type": "category"
        },
        {
            "id": "fc7e7bd8403448f00a363f60f44da8f2",
            "sequence": 24,
            "deleted": false,
            "data": {
                "category_title": null,
                "sort": null,
                "shortdesc": null,
                "longdesc": null,
                "meta_keywords": null,
                "meta_description": null,
                "hierarchy": "",
                "depth": 0,
                "subcategories": [
                    "fc7e7bd8403448f00a363f60f44da8f2"
                ],
                "hidden": false,
                "oxobject": [],
                "es_id": null,
                "id": "fc7e7bd8403448f00a363f60f44da8f2",
                "timestamp": null,
                "url": "en\/oxid\/",
                "active": true,
                "shop": [
                    null
                ],
                "additionalData": [],
                "selfLinks": {
                    "de": "oxid\/",
                    "en": "en\/oxid\/"
                }
            },
            "type": "category"
        },
        {
            "id": "oia9ff5c96f1f29d527b61202ece0829",
            "sequence": 25,
            "deleted": false,
            "data": {
                "category_title": null,
                "sort": null,
                "shortdesc": null,
                "longdesc": null,
                "meta_keywords": null,
                "meta_description": null,
                "hierarchy": "",
                "depth": 0,
                "subcategories": [
                    "oia9ff5c96f1f29d527b61202ece0829"
                ],
                "hidden": false,
                "oxobject": [],
                "es_id": null,
                "id": "oia9ff5c96f1f29d527b61202ece0829",
                "timestamp": null,
                "url": "en\/oxid\/",
                "active": true,
                "shop": [
                    null
                ],
                "additionalData": [],
                "selfLinks": {
                    "de": "oxid\/",
                    "en": "en\/oxid\/"
                }
            },
            "type": "category"
        }
    ]
}