{
    "since": 275,
    "count": 0,
    "requestedCount": 25,
    "changes": []
}